
  .   ____          _            __ _ _
 /\\ / ___'_ __ _ _(_)_ __  __ _ \ \ \ \
( ( )\___ | '_ | '_| | '_ \/ _` | \ \ \ \
 \\/  ___)| |_)| | | | | || (_| |  ) ) ) )
  '  |____| .__|_| |_|_| |_\__, | / / / /
 =========|_|==============|___/=/_/_/_/

 :: Spring Boot ::                (v3.4.1)

2026-05-03T20:37:06.019-06:00  INFO 20332 --- [facturacion] [           main] c.e.facturacion.FacturacionApplication   : Starting FacturacionApplication v0.0.1-SNAPSHOT using Java 25.0.1 with PID 20332 (C:\Users\USER\Documents\FullStackTec\Desarrollo Avanzado del Back-End Web con Java Spring Framework 6\Reto\0.04wx7a6c7hqi0.h1uyf589nkuspringavanzado-reto\springavanzado-reto\target\facturacion-0.0.1-SNAPSHOT.jar started by USER in C:\Users\USER\Documents\FullStackTec\Desarrollo Avanzado del Back-End Web con Java Spring Framework 6\Reto\0.04wx7a6c7hqi0.h1uyf589nkuspringavanzado-reto\springavanzado-reto)
2026-05-03T20:37:06.021-06:00  INFO 20332 --- [facturacion] [           main] c.e.facturacion.FacturacionApplication   : No active profile set, falling back to 1 default profile: "default"
2026-05-03T20:37:06.646-06:00  INFO 20332 --- [facturacion] [           main] .s.d.r.c.RepositoryConfigurationDelegate : Bootstrapping Spring Data JPA repositories in DEFAULT mode.
2026-05-03T20:37:06.686-06:00  INFO 20332 --- [facturacion] [           main] .s.d.r.c.RepositoryConfigurationDelegate : Finished Spring Data repository scanning in 32 ms. Found 1 JPA repository interface.
WARNING: A restricted method in java.lang.System has been called
WARNING: java.lang.System::load has been called by org.apache.tomcat.jni.Library in an unnamed module (jar:nested:/C:/Users/USER/Documents/FullStackTec/Desarrollo%20Avanzado%20del%20Back-End%20Web%20con%20Java%20Spring%20Framework%206/Reto/0.04wx7a6c7hqi0.h1uyf589nkuspringavanzado-reto/springavanzado-reto/target/facturacion-0.0.1-SNAPSHOT.jar/!BOOT-INF/lib/tomcat-embed-core-10.1.34.jar!/)
WARNING: Use --enable-native-access=ALL-UNNAMED to avoid a warning for callers in this module
WARNING: Restricted methods will be blocked in a future release unless native access is enabled

2026-05-03T20:37:07.289-06:00  INFO 20332 --- [facturacion] [           main] o.s.b.w.embedded.tomcat.TomcatWebServer  : Tomcat initialized with port 8080 (http)
2026-05-03T20:37:07.300-06:00  INFO 20332 --- [facturacion] [           main] o.apache.catalina.core.StandardService   : Starting service [Tomcat]
2026-05-03T20:37:07.300-06:00  INFO 20332 --- [facturacion] [           main] o.apache.catalina.core.StandardEngine    : Starting Servlet engine: [Apache Tomcat/10.1.34]
2026-05-03T20:37:07.329-06:00  INFO 20332 --- [facturacion] [           main] o.a.c.c.C.[Tomcat].[localhost].[/]       : Initializing Spring embedded WebApplicationContext
2026-05-03T20:37:07.329-06:00  INFO 20332 --- [facturacion] [           main] w.s.c.ServletWebServerApplicationContext : Root WebApplicationContext: initialization completed in 1272 ms
2026-05-03T20:37:07.558-06:00  INFO 20332 --- [facturacion] [           main] o.hibernate.jpa.internal.util.LogHelper  : HHH000204: Processing PersistenceUnitInfo [name: default]
2026-05-03T20:37:07.609-06:00  INFO 20332 --- [facturacion] [           main] org.hibernate.Version                    : HHH000412: Hibernate ORM core version 6.6.4.Final
2026-05-03T20:37:07.644-06:00  INFO 20332 --- [facturacion] [           main] o.h.c.internal.RegionFactoryInitiator    : HHH000026: Second-level cache disabled
2026-05-03T20:37:07.875-06:00  INFO 20332 --- [facturacion] [           main] o.s.o.j.p.SpringPersistenceUnitInfo      : No LoadTimeWeaver setup: ignoring JPA class transformer
2026-05-03T20:37:07.902-06:00  INFO 20332 --- [facturacion] [           main] com.zaxxer.hikari.HikariDataSource       : HikariPool-1 - Starting...
2026-05-03T20:37:08.046-06:00  INFO 20332 --- [facturacion] [           main] com.zaxxer.hikari.pool.HikariPool        : HikariPool-1 - Added connection conn0: url=jdbc:h2:mem:jwt user=SA
2026-05-03T20:37:08.048-06:00  INFO 20332 --- [facturacion] [           main] com.zaxxer.hikari.HikariDataSource       : HikariPool-1 - Start completed.
2026-05-03T20:37:08.064-06:00  WARN 20332 --- [facturacion] [           main] org.hibernate.orm.deprecation            : HHH90000025: H2Dialect does not need to be specified explicitly using 'hibernate.dialect' (remove the property setting and it will be selected by default)
2026-05-03T20:37:08.083-06:00  INFO 20332 --- [facturacion] [           main] org.hibernate.orm.connections.pooling    : HHH10001005: Database info:
	Database JDBC URL [Connecting through datasource 'HikariDataSource (HikariPool-1)']
	Database driver: undefined/unknown
	Database version: 2.3.232
	Autocommit mode: undefined/unknown
	Isolation level: undefined/unknown
	Minimum pool size: undefined/unknown
	Maximum pool size: undefined/unknown
2026-05-03T20:37:08.619-06:00  INFO 20332 --- [facturacion] [           main] o.h.e.t.j.p.i.JtaPlatformInitiator       : HHH000489: No JTA platform available (set 'hibernate.transaction.jta.platform' to enable JTA platform integration)
Hibernate: 
    drop table if exists "usuario" cascade 
Hibernate: 
    create table "usuario" (
        "id" integer not null,
        "autoridad" varchar(255),
        "contraseña" varchar(255),
        "nombre_usuario" varchar(255),
        primary key ("id")
    )
2026-05-03T20:37:08.643-06:00  INFO 20332 --- [facturacion] [           main] j.LocalContainerEntityManagerFactoryBean : Initialized JPA EntityManagerFactory for persistence unit 'default'
2026-05-03T20:37:08.972-06:00  INFO 20332 --- [facturacion] [           main] r$InitializeUserDetailsManagerConfigurer : Global AuthenticationManager configured with UserDetailsService bean with name JPADetalleUsuariosService
2026-05-03T20:37:09.022-06:00  WARN 20332 --- [facturacion] [           main] JpaBaseConfiguration$JpaWebConfiguration : spring.jpa.open-in-view is enabled by default. Therefore, database queries may be performed during view rendering. Explicitly configure spring.jpa.open-in-view to disable this warning
2026-05-03T20:37:09.369-06:00  INFO 20332 --- [facturacion] [           main] o.s.b.a.e.web.EndpointLinksResolver      : Exposing 1 endpoint beneath base path '/actuator'
2026-05-03T20:37:09.623-06:00  INFO 20332 --- [facturacion] [           main] o.s.b.a.h2.H2ConsoleAutoConfiguration    : H2 console available at '/h2-console'. Database available at 'jdbc:h2:mem:jwt'
2026-05-03T20:37:09.742-06:00  WARN 20332 --- [facturacion] [           main] ConfigServletWebServerApplicationContext : Exception encountered during context initialization - cancelling refresh attempt: org.springframework.context.ApplicationContextException: Failed to start bean 'webServerStartStop'
2026-05-03T20:37:09.744-06:00  INFO 20332 --- [facturacion] [           main] j.LocalContainerEntityManagerFactoryBean : Closing JPA EntityManagerFactory for persistence unit 'default'
Hibernate: 
    drop table if exists "usuario" cascade 
2026-05-03T20:37:09.747-06:00  INFO 20332 --- [facturacion] [           main] com.zaxxer.hikari.HikariDataSource       : HikariPool-1 - Shutdown initiated...
2026-05-03T20:37:09.750-06:00  INFO 20332 --- [facturacion] [           main] com.zaxxer.hikari.HikariDataSource       : HikariPool-1 - Shutdown completed.
2026-05-03T20:37:09.762-06:00  INFO 20332 --- [facturacion] [           main] .s.b.a.l.ConditionEvaluationReportLogger : 

Error starting ApplicationContext. To display the condition evaluation report re-run your application with 'debug' enabled.
2026-05-03T20:37:09.774-06:00 ERROR 20332 --- [facturacion] [           main] o.s.b.d.LoggingFailureAnalysisReporter   : 

***************************
APPLICATION FAILED TO START
***************************

Description:

Web server failed to start. Port 8080 was already in use.

Action:

Identify and stop the process that's listening on port 8080 or configure this application to listen on another port.

